
 *******************************************************************************
 *   ___                                                                       *
 *  /   \                                                                      *
 * [ABORT]                                                                     *
 *  \___/    found an unknown keyword RESTART_POSITIONS in section EXT_RESTART *
 *    |                                                                        *
 *  O/|                                                                        *
 * /| |                                                                        *
 * / \                                               input/input_parsing.F:253 *
 *******************************************************************************


 ===== Routine Calling Stack ===== 

            3 section_vals_parse
            2 section_vals_parse
            1 read_input
                                                *
 * /| |                                                                        *
 * / \                                               input/input_parsing.F:253 *
 *******************************************************************************


 ===== Routine Calling Stack ===== 

            3 section_vals_parse
            2 section_vals_parse
            1 read_input
