
 Possible matches for unknown keyword 

 RESTART_POSITIONS

   keyword RESTART_COUNTERS in section %__ROOT__%EXT_RESTART score:  104
   keyword RESTART_POS in section %__ROOT__%EXT_RESTART score:  104
   keyword RESTART_CORE_POS in section %__ROOT__%EXT_RESTART score:  104
   keyword RESTART_PINT_POS in section %__ROOT__%EXT_RESTART score:  104
   keyword RESTART_CONSTRAINT in section %__ROOT__%EXT_RESTART score:  103

 *******************************************************************************
 *   ___                                                                       *
 *  /   \                                                                      *
 * [ABORT]                                                                     *
 *  \___/    found an unknown keyword RESTART_POSITIONS in section EXT_RESTART *
 *    |                                                                        *
 *  O/|                                                                        *
 * /| |                                                                        *
 * / \                                               input/input_parsing.F:253 *
 *******************************************************************************


 ===== Routine Calling Stack ===== 

            3 section_vals_parse
            2 section_vals_parse
            1 read_input
